Info: Starting: Create block symbol file (.bsf)
Info: qsys-generate /home/cari/cst455_soc/Lab5/HPSHelloPIO.qsys --block-symbol-file --output-directory=/home/cari/cst455_soc/Lab5/HPSHelloPIO --family="Cyclone V" --part=5CSXFC6D6F31C6
Progress: Loading Lab5/HPSHelloPIO.qsys
Progress: Reading input file
Progress: Adding LEDs [altera_avalon_pio 23.1]
Progress: Parameterizing module LEDs
Progress: Adding clk_0 [clock_source 23.1]
Progress: Parameterizing module clk_0
Progress: Adding hps_0 [altera_hps 23.1]
Progress: Parameterizing module hps_0
Progress: Building connections
Progress: Parameterizing connections
Progress: Validating
Progress: Done reading input file
Info: HPSHelloPIO.hps_0: HPS Main PLL counter settings: n = 0  m = 73
Info: HPSHelloPIO.hps_0: HPS peripherial PLL counter settings: n = 0  m = 39
Warning: HPSHelloPIO.hps_0: "Configuration/HPS-to-FPGA user 0 clock frequency" (desired_cfg_clk_mhz) requested 100.0 MHz, but only achieved 97.368421 MHz
Warning: HPSHelloPIO.hps_0: 1 or more output clock frequencies cannot be achieved precisely, consider revising desired output clock frequencies.
Info: qsys-generate succeeded.
Info: Finished: Create block symbol file (.bsf)
Info: 
Info: Starting: Create HDL design files for synthesis
Info: qsys-generate /home/cari/cst455_soc/Lab5/HPSHelloPIO.qsys --synthesis=VERILOG --output-directory=/home/cari/cst455_soc/Lab5/HPSHelloPIO/synthesis --family="Cyclone V" --part=5CSXFC6D6F31C6
Progress: Loading Lab5/HPSHelloPIO.qsys
Progress: Reading input file
Progress: Adding LEDs [altera_avalon_pio 23.1]
Progress: Parameterizing module LEDs
Progress: Adding clk_0 [clock_source 23.1]
Progress: Parameterizing module clk_0
Progress: Adding hps_0 [altera_hps 23.1]
Progress: Parameterizing module hps_0
Progress: Building connections
Progress: Parameterizing connections
Progress: Validating
Progress: Done reading input file
Info: HPSHelloPIO.hps_0: HPS Main PLL counter settings: n = 0  m = 73
Info: HPSHelloPIO.hps_0: HPS peripherial PLL counter settings: n = 0  m = 39
Warning: HPSHelloPIO.hps_0: "Configuration/HPS-to-FPGA user 0 clock frequency" (desired_cfg_clk_mhz) requested 100.0 MHz, but only achieved 97.368421 MHz
Warning: HPSHelloPIO.hps_0: 1 or more output clock frequencies cannot be achieved precisely, consider revising desired output clock frequencies.
Info: HPSHelloPIO: Generating HPSHelloPIO "HPSHelloPIO" for QUARTUS_SYNTH
Info: Interconnect is inserted between master hps_0.h2f_lw_axi_master and slave LEDs.s1 because the master is of type axi and the slave is of type avalon.
Info: LEDs: Starting RTL generation for module 'HPSHelloPIO_LEDs'
Info: LEDs:   Generation command is [exec /opt/IntelFPGA/quartus/linux64/perl/bin/perl -I /opt/IntelFPGA/quartus/linux64/perl/lib -I /opt/IntelFPGA/quartus/sopc_builder/bin/europa -I /opt/IntelFPGA/quartus/sopc_builder/bin -I /opt/IntelFPGA/quartus/../ip/altera/sopc_builder_ip/common -I /opt/IntelFPGA/quartus/../ip/altera/sopc_builder_ip/altera_avalon_pio -- /opt/IntelFPGA/quartus/../ip/altera/sopc_builder_ip/altera_avalon_pio/generate_rtl.pl --name=HPSHelloPIO_LEDs --dir=/tmp/alt0063_5404467255756859279.dir/0002_LEDs_gen/ --quartus_dir=/opt/IntelFPGA/quartus --verilog --config=/tmp/alt0063_5404467255756859279.dir/0002_LEDs_gen//HPSHelloPIO_LEDs_component_configuration.pl  --do_build_sim=0  ]
Info: LEDs: Done RTL generation for module 'HPSHelloPIO_LEDs'
Info: LEDs: "HPSHelloPIO" instantiated altera_avalon_pio "LEDs"
Info: hps_0: "Running  for module: hps_0"
Info: hps_0: HPS Main PLL counter settings: n = 0  m = 73
Info: hps_0: HPS peripherial PLL counter settings: n = 0  m = 39
Warning: hps_0: "Configuration/HPS-to-FPGA user 0 clock frequency" (desired_cfg_clk_mhz) requested 100.0 MHz, but only achieved 97.368421 MHz
Warning: hps_0: 1 or more output clock frequencies cannot be achieved precisely, consider revising desired output clock frequencies.
Info: hps_0: "HPSHelloPIO" instantiated altera_hps "hps_0"
Info: avalon_st_adapter: Inserting error_adapter: error_adapter_0
Info: mm_interconnect_0: "HPSHelloPIO" instantiated altera_mm_interconnect "mm_interconnect_0"
Info: rst_controller: "HPSHelloPIO" instantiated altera_reset_controller "rst_controller"
Info: fpga_interfaces: "hps_0" instantiated altera_interface_generator "fpga_interfaces"
Info: hps_io: "hps_0" instantiated altera_hps_io "hps_io"
Info: LEDs_s1_translator: "mm_interconnect_0" instantiated altera_merlin_slave_translator "LEDs_s1_translator"
Info: hps_0_h2f_lw_axi_master_agent: "mm_interconnect_0" instantiated altera_merlin_axi_master_ni "hps_0_h2f_lw_axi_master_agent"
Info: LEDs_s1_agent: "mm_interconnect_0" instantiated altera_merlin_slave_agent "LEDs_s1_agent"
Info: LEDs_s1_agent_rsp_fifo: "mm_interconnect_0" instantiated altera_avalon_sc_fifo "LEDs_s1_agent_rsp_fifo"
Info: router: "mm_interconnect_0" instantiated altera_merlin_router "router"
Info: router_002: "mm_interconnect_0" instantiated altera_merlin_router "router_002"
Info: LEDs_s1_burst_adapter: "mm_interconnect_0" instantiated altera_merlin_burst_adapter "LEDs_s1_burst_adapter"
Info: Reusing file /home/cari/cst455_soc/Lab5/HPSHelloPIO/synthesis/submodules/altera_merlin_address_alignment.sv
Info: cmd_demux: "mm_interconnect_0" instantiated altera_merlin_demultiplexer "cmd_demux"
Info: cmd_mux: "mm_interconnect_0" instantiated altera_merlin_multiplexer "cmd_mux"
Info: rsp_demux: "mm_interconnect_0" instantiated altera_merlin_demultiplexer "rsp_demux"
Info: rsp_mux: "mm_interconnect_0" instantiated altera_merlin_multiplexer "rsp_mux"
Info: Reusing file /home/cari/cst455_soc/Lab5/HPSHelloPIO/synthesis/submodules/altera_merlin_arbitrator.sv
Info: avalon_st_adapter: "mm_interconnect_0" instantiated altera_avalon_st_adapter "avalon_st_adapter"
Info: border: "hps_io" instantiated altera_interface_generator "border"
Info: error_adapter_0: "avalon_st_adapter" instantiated error_adapter "error_adapter_0"
Info: HPSHelloPIO: Done "HPSHelloPIO" with 21 modules, 77 files
Info: qsys-generate succeeded.
Info: Finished: Create HDL design files for synthesis
