Info: Starting: Create block symbol file (.bsf)
Info: qsys-generate /home/cari/cst455_soc/Midterm/Midterm.qsys --block-symbol-file --output-directory=/home/cari/cst455_soc/Midterm/Midterm --family="Cyclone V" --part=5CSXFC6D6F31C6
Progress: Loading Midterm/Midterm.qsys
Progress: Reading input file
Progress: Adding BUTTONS_0 [BUTTONS 1.0]
Progress: Parameterizing module BUTTONS_0
Progress: Adding CLOCKS [altera_up_avalon_sys_sdram_pll 18.0]
Progress: Parameterizing module CLOCKS
Progress: Adding DEBUG [altera_avalon_jtag_uart 23.1]
Progress: Parameterizing module DEBUG
Progress: Adding LEDs [LEDs 1.0]
Progress: Parameterizing module LEDs
Progress: Adding NiosV_FreeRTOS [intel_niosv_m 2.0.0]
Progress: Parameterizing module NiosV_FreeRTOS
Progress: Adding SDRAM [altera_avalon_new_sdram_controller 20.1]
Progress: Parameterizing module SDRAM
Progress: Adding SEG7s_0 [SEG7s 1.0]
Progress: Parameterizing module SEG7s_0
Progress: Adding SEG7s_1 [SEG7s 1.0]
Progress: Parameterizing module SEG7s_1
Progress: Adding SEG7s_2 [SEG7s 1.0]
Progress: Parameterizing module SEG7s_2
Progress: Adding SEG7s_3 [SEG7s 1.0]
Progress: Parameterizing module SEG7s_3
Progress: Adding SEG7s_4 [SEG7s 1.0]
Progress: Parameterizing module SEG7s_4
Progress: Adding SEG7s_5 [SEG7s 1.0]
Progress: Parameterizing module SEG7s_5
Progress: Adding SWITCHES_0 [SWITCHES 1.0]
Progress: Parameterizing module SWITCHES_0
Progress: Adding clk_0 [clock_source 23.1]
Progress: Parameterizing module clk_0
Progress: Building connections
Progress: Parameterizing connections
Progress: Validating
Progress: Done reading input file
Info: Midterm.CLOCKS: Refclk Freq: 50.0
Info: Midterm.DEBUG: JTAG UART IP input clock need to be at least double (2x) the operating frequency of JTAG TCK on board
Warning: Midterm.NiosV_FreeRTOS: Properties (associatedClock) have been set on interface reset - in composed mode these are ignored
Warning: Midterm.NiosV_FreeRTOS: Properties (associatedClock) have been set on interface ndm_reset_in - in composed mode these are ignored
Warning: Midterm.NiosV_FreeRTOS: Properties (associatedClock,associatedReset) have been set on interface instruction_manager - in composed mode these are ignored
Warning: Midterm.NiosV_FreeRTOS: Properties (associatedClock,associatedReset) have been set on interface data_manager - in composed mode these are ignored
Info: Midterm.SDRAM: SDRAM Controller will only be supported in Quartus Prime Standard Edition in the future release.
Info: qsys-generate succeeded.
Info: Finished: Create block symbol file (.bsf)
Info: 
Info: Starting: Create HDL design files for synthesis
Info: qsys-generate /home/cari/cst455_soc/Midterm/Midterm.qsys --synthesis=VERILOG --output-directory=/home/cari/cst455_soc/Midterm/Midterm/synthesis --family="Cyclone V" --part=5CSXFC6D6F31C6
Progress: Loading Midterm/Midterm.qsys
Progress: Reading input file
Progress: Adding BUTTONS_0 [BUTTONS 1.0]
Progress: Parameterizing module BUTTONS_0
Progress: Adding CLOCKS [altera_up_avalon_sys_sdram_pll 18.0]
Progress: Parameterizing module CLOCKS
Progress: Adding DEBUG [altera_avalon_jtag_uart 23.1]
Progress: Parameterizing module DEBUG
Progress: Adding LEDs [LEDs 1.0]
Progress: Parameterizing module LEDs
Progress: Adding NiosV_FreeRTOS [intel_niosv_m 2.0.0]
Progress: Parameterizing module NiosV_FreeRTOS
Progress: Adding SDRAM [altera_avalon_new_sdram_controller 20.1]
Progress: Parameterizing module SDRAM
Progress: Adding SEG7s_0 [SEG7s 1.0]
Progress: Parameterizing module SEG7s_0
Progress: Adding SEG7s_1 [SEG7s 1.0]
Progress: Parameterizing module SEG7s_1
Progress: Adding SEG7s_2 [SEG7s 1.0]
Progress: Parameterizing module SEG7s_2
Progress: Adding SEG7s_3 [SEG7s 1.0]
Progress: Parameterizing module SEG7s_3
Progress: Adding SEG7s_4 [SEG7s 1.0]
Progress: Parameterizing module SEG7s_4
Progress: Adding SEG7s_5 [SEG7s 1.0]
Progress: Parameterizing module SEG7s_5
Progress: Adding SWITCHES_0 [SWITCHES 1.0]
Progress: Parameterizing module SWITCHES_0
Progress: Adding clk_0 [clock_source 23.1]
Progress: Parameterizing module clk_0
Progress: Building connections
Progress: Parameterizing connections
Progress: Validating
Progress: Done reading input file
Info: Midterm.CLOCKS: Refclk Freq: 50.0
Info: Midterm.DEBUG: JTAG UART IP input clock need to be at least double (2x) the operating frequency of JTAG TCK on board
Warning: Midterm.NiosV_FreeRTOS: Properties (associatedClock) have been set on interface reset - in composed mode these are ignored
Warning: Midterm.NiosV_FreeRTOS: Properties (associatedClock) have been set on interface ndm_reset_in - in composed mode these are ignored
Warning: Midterm.NiosV_FreeRTOS: Properties (associatedClock,associatedReset) have been set on interface instruction_manager - in composed mode these are ignored
Warning: Midterm.NiosV_FreeRTOS: Properties (associatedClock,associatedReset) have been set on interface data_manager - in composed mode these are ignored
Info: Midterm.SDRAM: SDRAM Controller will only be supported in Quartus Prime Standard Edition in the future release.
Info: Midterm: Generating Midterm "Midterm" for QUARTUS_SYNTH
Info: BUTTONS_0: "Midterm" instantiated BUTTONS "BUTTONS_0"
Info: CLOCKS: "Midterm" instantiated altera_up_avalon_sys_sdram_pll "CLOCKS"
Info: DEBUG: Starting RTL generation for module 'Midterm_DEBUG'
Info: DEBUG:   Generation command is [exec /opt/IntelFPGA/quartus/linux64/perl/bin/perl -I /opt/IntelFPGA/quartus/linux64/perl/lib -I /opt/IntelFPGA/quartus/sopc_builder/bin/europa -I /opt/IntelFPGA/quartus/sopc_builder/bin -I /opt/IntelFPGA/quartus/../ip/altera/sopc_builder_ip/common -I /opt/IntelFPGA/quartus/../ip/altera/sopc_builder_ip/altera_avalon_jtag_uart -- /opt/IntelFPGA/quartus/../ip/altera/sopc_builder_ip/altera_avalon_jtag_uart/generate_rtl.pl --name=Midterm_DEBUG --dir=/tmp/alt0035_6982869484770983918.dir/0078_DEBUG_gen/ --quartus_dir=/opt/IntelFPGA/quartus --verilog --config=/tmp/alt0035_6982869484770983918.dir/0078_DEBUG_gen//Midterm_DEBUG_component_configuration.pl  --do_build_sim=0  ]
Info: DEBUG: Done RTL generation for module 'Midterm_DEBUG'
Info: DEBUG: "Midterm" instantiated altera_avalon_jtag_uart "DEBUG"
Info: LEDs: "Midterm" instantiated LEDs "LEDs"
Info: NiosV_FreeRTOS: "Midterm" instantiated intel_niosv_m "NiosV_FreeRTOS"
Info: SDRAM: Starting RTL generation for module 'Midterm_SDRAM'
Info: SDRAM:   Generation command is [exec /opt/IntelFPGA/quartus/linux64/perl/bin/perl -I /opt/IntelFPGA/quartus/linux64/perl/lib -I /opt/IntelFPGA/quartus/sopc_builder/bin/europa -I /opt/IntelFPGA/quartus/sopc_builder/bin -I /opt/IntelFPGA/quartus/../ip/altera/sopc_builder_ip/common -I /home/cari/intelFPGA/OregonTech/Intel(Depricated)/altera_avalon_new_sdram_controller -- /home/cari/intelFPGA/OregonTech/Intel(Depricated)/altera_avalon_new_sdram_controller/generate_rtl.pl --name=Midterm_SDRAM --dir=/tmp/alt0035_6982869484770983918.dir/0080_SDRAM_gen/ --quartus_dir=/opt/IntelFPGA/quartus --verilog --config=/tmp/alt0035_6982869484770983918.dir/0080_SDRAM_gen//Midterm_SDRAM_component_configuration.pl  --do_build_sim=0  ]
Info: SDRAM: Done RTL generation for module 'Midterm_SDRAM'
Info: SDRAM: "Midterm" instantiated altera_avalon_new_sdram_controller "SDRAM"
Info: SEG7s_0: "Midterm" instantiated SEG7s "SEG7s_0"
Info: SWITCHES_0: "Midterm" instantiated SWITCHES "SWITCHES_0"
Info: avalon_st_adapter: Inserting error_adapter: error_adapter_0
Info: avalon_st_adapter_001: Inserting error_adapter: error_adapter_0
Info: avalon_st_adapter_002: Inserting error_adapter: error_adapter_0
Info: avalon_st_adapter_003: Inserting error_adapter: error_adapter_0
Info: avalon_st_adapter_004: Inserting error_adapter: error_adapter_0
Info: avalon_st_adapter_005: Inserting error_adapter: error_adapter_0
Info: avalon_st_adapter_006: Inserting error_adapter: error_adapter_0
Info: avalon_st_adapter_007: Inserting error_adapter: error_adapter_0
Info: avalon_st_adapter_008: Inserting error_adapter: error_adapter_0
Info: avalon_st_adapter_009: Inserting error_adapter: error_adapter_0
Info: avalon_st_adapter_010: Inserting error_adapter: error_adapter_0
Info: avalon_st_adapter_011: Inserting error_adapter: error_adapter_0
Info: avalon_st_adapter_012: Inserting error_adapter: error_adapter_0
Info: mm_interconnect_0: "Midterm" instantiated altera_mm_interconnect "mm_interconnect_0"
Info: irq_mapper: "Midterm" instantiated altera_irq_mapper "irq_mapper"
Info: rst_controller: "Midterm" instantiated altera_reset_controller "rst_controller"
Info: sys_pll: "CLOCKS" instantiated altera_pll "sys_pll"
Info: reset_from_locked: "CLOCKS" instantiated altera_up_avalon_reset_from_locked_signal "reset_from_locked"
Info: hart: "NiosV_FreeRTOS" instantiated intel_niosv_m_unit "hart"
Info: Reusing file /home/cari/cst455_soc/Midterm/Midterm/synthesis/submodules/altera_reset_synchronizer.v
Info: Reusing file /home/cari/cst455_soc/Midterm/Midterm/synthesis/submodules/altera_reset_controller.v
Info: Reusing file /home/cari/cst455_soc/Midterm/Midterm/synthesis/submodules/altera_reset_controller.sdc
Info: timer_module: "NiosV_FreeRTOS" instantiated intel_niosv_timer_msip "timer_module"
Info: dbg_mod: "NiosV_FreeRTOS" instantiated intel_niosv_dbg_mod "dbg_mod"
Info: Reusing file /home/cari/cst455_soc/Midterm/Midterm/synthesis/submodules/niosv_ram.sv
Info: irq_mapper: "NiosV_FreeRTOS" instantiated altera_irq_mapper "irq_mapper"
Info: DEBUG_avalon_jtag_slave_translator: "mm_interconnect_0" instantiated altera_merlin_slave_translator "DEBUG_avalon_jtag_slave_translator"
Info: NiosV_FreeRTOS_data_manager_agent: "mm_interconnect_0" instantiated altera_merlin_axi_master_ni "NiosV_FreeRTOS_data_manager_agent"
Info: DEBUG_avalon_jtag_slave_agent: "mm_interconnect_0" instantiated altera_merlin_slave_agent "DEBUG_avalon_jtag_slave_agent"
Info: DEBUG_avalon_jtag_slave_agent_rsp_fifo: "mm_interconnect_0" instantiated altera_avalon_sc_fifo "DEBUG_avalon_jtag_slave_agent_rsp_fifo"
Info: router: "mm_interconnect_0" instantiated altera_merlin_router "router"
Info: router_002: "mm_interconnect_0" instantiated altera_merlin_router "router_002"
Info: router_004: "mm_interconnect_0" instantiated altera_merlin_router "router_004"
Info: router_014: "mm_interconnect_0" instantiated altera_merlin_router "router_014"
Info: router_015: "mm_interconnect_0" instantiated altera_merlin_router "router_015"
Info: NiosV_FreeRTOS_instruction_manager_wr_limiter: "mm_interconnect_0" instantiated altera_merlin_traffic_limiter "NiosV_FreeRTOS_instruction_manager_wr_limiter"
Info: Reusing file /home/cari/cst455_soc/Midterm/Midterm/synthesis/submodules/altera_avalon_sc_fifo.v
Info: Reusing file /home/cari/cst455_soc/Midterm/Midterm/synthesis/submodules/altera_avalon_st_pipeline_base.v
Info: SDRAM_s1_burst_adapter: "mm_interconnect_0" instantiated altera_merlin_burst_adapter "SDRAM_s1_burst_adapter"
Info: Reusing file /home/cari/cst455_soc/Midterm/Midterm/synthesis/submodules/altera_merlin_address_alignment.sv
Info: Reusing file /home/cari/cst455_soc/Midterm/Midterm/synthesis/submodules/altera_avalon_st_pipeline_stage.sv
Info: Reusing file /home/cari/cst455_soc/Midterm/Midterm/synthesis/submodules/altera_avalon_st_pipeline_base.v
Info: cmd_demux: "mm_interconnect_0" instantiated altera_merlin_demultiplexer "cmd_demux"
Info: cmd_demux_002: "mm_interconnect_0" instantiated altera_merlin_demultiplexer "cmd_demux_002"
Info: cmd_mux: "mm_interconnect_0" instantiated altera_merlin_multiplexer "cmd_mux"
Info: cmd_mux_010: "mm_interconnect_0" instantiated altera_merlin_multiplexer "cmd_mux_010"
Info: Reusing file /home/cari/cst455_soc/Midterm/Midterm/synthesis/submodules/altera_merlin_arbitrator.sv
Info: rsp_demux: "mm_interconnect_0" instantiated altera_merlin_demultiplexer "rsp_demux"
Info: rsp_demux_010: "mm_interconnect_0" instantiated altera_merlin_demultiplexer "rsp_demux_010"
Info: rsp_mux: "mm_interconnect_0" instantiated altera_merlin_multiplexer "rsp_mux"
Info: Reusing file /home/cari/cst455_soc/Midterm/Midterm/synthesis/submodules/altera_merlin_arbitrator.sv
Info: rsp_mux_002: "mm_interconnect_0" instantiated altera_merlin_multiplexer "rsp_mux_002"
Info: Reusing file /home/cari/cst455_soc/Midterm/Midterm/synthesis/submodules/altera_merlin_arbitrator.sv
Info: SDRAM_s1_rsp_width_adapter: "mm_interconnect_0" instantiated altera_merlin_width_adapter "SDRAM_s1_rsp_width_adapter"
Info: Reusing file /home/cari/cst455_soc/Midterm/Midterm/synthesis/submodules/altera_merlin_address_alignment.sv
Info: Reusing file /home/cari/cst455_soc/Midterm/Midterm/synthesis/submodules/altera_merlin_burst_uncompressor.sv
Info: avalon_st_adapter: "mm_interconnect_0" instantiated altera_avalon_st_adapter "avalon_st_adapter"
Info: avalon_st_adapter_011: "mm_interconnect_0" instantiated altera_avalon_st_adapter "avalon_st_adapter_011"
Info: error_adapter_0: "avalon_st_adapter" instantiated error_adapter "error_adapter_0"
Info: error_adapter_0: "avalon_st_adapter_011" instantiated error_adapter "error_adapter_0"
Info: Midterm: Done "Midterm" with 42 modules, 106 files
Info: qsys-generate succeeded.
Info: Finished: Create HDL design files for synthesis
