Info: Starting: Create block symbol file (.bsf)
Info: qsys-generate /home/cari/cst455_soc/Lab3/Lab3.qsys --block-symbol-file --output-directory=/home/cari/cst455_soc/Lab3/Lab3 --family="Cyclone V" --part=5CSXFC6D6F31C6
Progress: Loading Lab3/Lab3.qsys
Progress: Reading input file
Progress: Adding DEBUG [altera_avalon_jtag_uart 23.1]
Progress: Parameterizing module DEBUG
Progress: Adding HEX0 [altera_avalon_pio 23.1]
Progress: Parameterizing module HEX0
Progress: Adding HEX1 [altera_avalon_pio 23.1]
Progress: Parameterizing module HEX1
Progress: Adding HEX2 [altera_avalon_pio 23.1]
Progress: Parameterizing module HEX2
Progress: Adding HEX3 [altera_avalon_pio 23.1]
Progress: Parameterizing module HEX3
Progress: Adding HEX4 [altera_avalon_pio 23.1]
Progress: Parameterizing module HEX4
Progress: Adding HEX5 [altera_avalon_pio 23.1]
Progress: Parameterizing module HEX5
Progress: Adding Lab3 [intel_niosv_m 2.0.0]
Progress: Parameterizing module Lab3
Progress: Adding SRAM [altera_avalon_onchip_memory2 23.1]
Progress: Parameterizing module SRAM
Progress: Adding clk_0 [clock_source 23.1]
Progress: Parameterizing module clk_0
Progress: Adding switches [altera_avalon_pio 23.1]
Progress: Parameterizing module switches
Progress: Building connections
Progress: Parameterizing connections
Progress: Validating
Progress: Done reading input file
Info: Lab3.DEBUG: JTAG UART IP input clock need to be at least double (2x) the operating frequency of JTAG TCK on board
Warning: Lab3.Lab3: Properties (associatedClock) have been set on interface reset - in composed mode these are ignored
Warning: Lab3.Lab3: Properties (associatedClock) have been set on interface ndm_reset_in - in composed mode these are ignored
Warning: Lab3.Lab3: Properties (associatedClock,associatedReset) have been set on interface instruction_manager - in composed mode these are ignored
Warning: Lab3.Lab3: Properties (associatedClock,associatedReset) have been set on interface data_manager - in composed mode these are ignored
Info: Lab3.switches: PIO inputs are not hardwired in test bench. Undefined values will be read from PIO inputs during simulation.
Info: qsys-generate succeeded.
Info: Finished: Create block symbol file (.bsf)
Info: 
Info: Starting: Create HDL design files for synthesis
Info: qsys-generate /home/cari/cst455_soc/Lab3/Lab3.qsys --synthesis=VERILOG --output-directory=/home/cari/cst455_soc/Lab3/Lab3/synthesis --family="Cyclone V" --part=5CSXFC6D6F31C6
Progress: Loading Lab3/Lab3.qsys
Progress: Reading input file
Progress: Adding DEBUG [altera_avalon_jtag_uart 23.1]
Progress: Parameterizing module DEBUG
Progress: Adding HEX0 [altera_avalon_pio 23.1]
Progress: Parameterizing module HEX0
Progress: Adding HEX1 [altera_avalon_pio 23.1]
Progress: Parameterizing module HEX1
Progress: Adding HEX2 [altera_avalon_pio 23.1]
Progress: Parameterizing module HEX2
Progress: Adding HEX3 [altera_avalon_pio 23.1]
Progress: Parameterizing module HEX3
Progress: Adding HEX4 [altera_avalon_pio 23.1]
Progress: Parameterizing module HEX4
Progress: Adding HEX5 [altera_avalon_pio 23.1]
Progress: Parameterizing module HEX5
Progress: Adding Lab3 [intel_niosv_m 2.0.0]
Progress: Parameterizing module Lab3
Progress: Adding SRAM [altera_avalon_onchip_memory2 23.1]
Progress: Parameterizing module SRAM
Progress: Adding clk_0 [clock_source 23.1]
Progress: Parameterizing module clk_0
Progress: Adding switches [altera_avalon_pio 23.1]
Progress: Parameterizing module switches
Progress: Building connections
Progress: Parameterizing connections
Progress: Validating
Progress: Done reading input file
Info: Lab3.DEBUG: JTAG UART IP input clock need to be at least double (2x) the operating frequency of JTAG TCK on board
Warning: Lab3.Lab3: Properties (associatedClock) have been set on interface reset - in composed mode these are ignored
Warning: Lab3.Lab3: Properties (associatedClock) have been set on interface ndm_reset_in - in composed mode these are ignored
Warning: Lab3.Lab3: Properties (associatedClock,associatedReset) have been set on interface instruction_manager - in composed mode these are ignored
Warning: Lab3.Lab3: Properties (associatedClock,associatedReset) have been set on interface data_manager - in composed mode these are ignored
Info: Lab3.switches: PIO inputs are not hardwired in test bench. Undefined values will be read from PIO inputs during simulation.
Info: Lab3: Generating Lab3 "Lab3" for QUARTUS_SYNTH
Info: DEBUG: Starting RTL generation for module 'Lab3_DEBUG'
Info: DEBUG:   Generation command is [exec /opt/IntelFPGA/quartus/linux64/perl/bin/perl -I /opt/IntelFPGA/quartus/linux64/perl/lib -I /opt/IntelFPGA/quartus/sopc_builder/bin/europa -I /opt/IntelFPGA/quartus/sopc_builder/bin -I /opt/IntelFPGA/quartus/../ip/altera/sopc_builder_ip/common -I /opt/IntelFPGA/quartus/../ip/altera/sopc_builder_ip/altera_avalon_jtag_uart -- /opt/IntelFPGA/quartus/../ip/altera/sopc_builder_ip/altera_avalon_jtag_uart/generate_rtl.pl --name=Lab3_DEBUG --dir=/tmp/alt0024_2955033865717329046.dir/0002_DEBUG_gen/ --quartus_dir=/opt/IntelFPGA/quartus --verilog --config=/tmp/alt0024_2955033865717329046.dir/0002_DEBUG_gen//Lab3_DEBUG_component_configuration.pl  --do_build_sim=0  ]
Info: DEBUG: Done RTL generation for module 'Lab3_DEBUG'
Info: DEBUG: "Lab3" instantiated altera_avalon_jtag_uart "DEBUG"
Info: HEX0: Starting RTL generation for module 'Lab3_HEX0'
Info: HEX0:   Generation command is [exec /opt/IntelFPGA/quartus/linux64/perl/bin/perl -I /opt/IntelFPGA/quartus/linux64/perl/lib -I /opt/IntelFPGA/quartus/sopc_builder/bin/europa -I /opt/IntelFPGA/quartus/sopc_builder/bin -I /opt/IntelFPGA/quartus/../ip/altera/sopc_builder_ip/common -I /opt/IntelFPGA/quartus/../ip/altera/sopc_builder_ip/altera_avalon_pio -- /opt/IntelFPGA/quartus/../ip/altera/sopc_builder_ip/altera_avalon_pio/generate_rtl.pl --name=Lab3_HEX0 --dir=/tmp/alt0024_2955033865717329046.dir/0003_HEX0_gen/ --quartus_dir=/opt/IntelFPGA/quartus --verilog --config=/tmp/alt0024_2955033865717329046.dir/0003_HEX0_gen//Lab3_HEX0_component_configuration.pl  --do_build_sim=0  ]
Info: HEX0: Done RTL generation for module 'Lab3_HEX0'
Info: HEX0: "Lab3" instantiated altera_avalon_pio "HEX0"
Info: Lab3: "Lab3" instantiated intel_niosv_m "Lab3"
Info: SRAM: Starting RTL generation for module 'Lab3_SRAM'
Info: SRAM:   Generation command is [exec /opt/IntelFPGA/quartus/linux64/perl/bin/perl -I /opt/IntelFPGA/quartus/linux64/perl/lib -I /opt/IntelFPGA/quartus/sopc_builder/bin/europa -I /opt/IntelFPGA/quartus/sopc_builder/bin -I /opt/IntelFPGA/quartus/../ip/altera/sopc_builder_ip/common -I /opt/IntelFPGA/quartus/../ip/altera/sopc_builder_ip/altera_avalon_onchip_memory2 -- /opt/IntelFPGA/quartus/../ip/altera/sopc_builder_ip/altera_avalon_onchip_memory2/generate_rtl.pl --name=Lab3_SRAM --dir=/tmp/alt0024_2955033865717329046.dir/0004_SRAM_gen/ --quartus_dir=/opt/IntelFPGA/quartus --verilog --config=/tmp/alt0024_2955033865717329046.dir/0004_SRAM_gen//Lab3_SRAM_component_configuration.pl  --do_build_sim=0  ]
Info: SRAM: Done RTL generation for module 'Lab3_SRAM'
Info: SRAM: "Lab3" instantiated altera_avalon_onchip_memory2 "SRAM"
Info: switches: Starting RTL generation for module 'Lab3_switches'
Info: switches:   Generation command is [exec /opt/IntelFPGA/quartus/linux64/perl/bin/perl -I /opt/IntelFPGA/quartus/linux64/perl/lib -I /opt/IntelFPGA/quartus/sopc_builder/bin/europa -I /opt/IntelFPGA/quartus/sopc_builder/bin -I /opt/IntelFPGA/quartus/../ip/altera/sopc_builder_ip/common -I /opt/IntelFPGA/quartus/../ip/altera/sopc_builder_ip/altera_avalon_pio -- /opt/IntelFPGA/quartus/../ip/altera/sopc_builder_ip/altera_avalon_pio/generate_rtl.pl --name=Lab3_switches --dir=/tmp/alt0024_2955033865717329046.dir/0005_switches_gen/ --quartus_dir=/opt/IntelFPGA/quartus --verilog --config=/tmp/alt0024_2955033865717329046.dir/0005_switches_gen//Lab3_switches_component_configuration.pl  --do_build_sim=0  ]
Info: switches: Done RTL generation for module 'Lab3_switches'
Info: switches: "Lab3" instantiated altera_avalon_pio "switches"
Info: avalon_st_adapter: Inserting error_adapter: error_adapter_0
Info: avalon_st_adapter_001: Inserting error_adapter: error_adapter_0
Info: avalon_st_adapter_002: Inserting error_adapter: error_adapter_0
Info: avalon_st_adapter_003: Inserting error_adapter: error_adapter_0
Info: avalon_st_adapter_004: Inserting error_adapter: error_adapter_0
Info: avalon_st_adapter_005: Inserting error_adapter: error_adapter_0
Info: avalon_st_adapter_006: Inserting error_adapter: error_adapter_0
Info: avalon_st_adapter_007: Inserting error_adapter: error_adapter_0
Info: avalon_st_adapter_008: Inserting error_adapter: error_adapter_0
Info: avalon_st_adapter_009: Inserting error_adapter: error_adapter_0
Info: avalon_st_adapter_010: Inserting error_adapter: error_adapter_0
Info: mm_interconnect_0: "Lab3" instantiated altera_mm_interconnect "mm_interconnect_0"
Info: irq_mapper: "Lab3" instantiated altera_irq_mapper "irq_mapper"
Info: rst_controller: "Lab3" instantiated altera_reset_controller "rst_controller"
Info: hart: "Lab3" instantiated intel_niosv_m_unit "hart"
Info: Reusing file /home/cari/cst455_soc/Lab3/Lab3/synthesis/submodules/altera_reset_synchronizer.v
Info: Reusing file /home/cari/cst455_soc/Lab3/Lab3/synthesis/submodules/altera_reset_controller.v
Info: Reusing file /home/cari/cst455_soc/Lab3/Lab3/synthesis/submodules/altera_reset_controller.sdc
Info: timer_module: "Lab3" instantiated intel_niosv_timer_msip "timer_module"
Info: dbg_mod: "Lab3" instantiated intel_niosv_dbg_mod "dbg_mod"
Info: Reusing file /home/cari/cst455_soc/Lab3/Lab3/synthesis/submodules/niosv_ram.sv
Info: irq_mapper: "Lab3" instantiated altera_irq_mapper "irq_mapper"
Info: DEBUG_avalon_jtag_slave_translator: "mm_interconnect_0" instantiated altera_merlin_slave_translator "DEBUG_avalon_jtag_slave_translator"
Info: Lab3_data_manager_agent: "mm_interconnect_0" instantiated altera_merlin_axi_master_ni "Lab3_data_manager_agent"
Info: DEBUG_avalon_jtag_slave_agent: "mm_interconnect_0" instantiated altera_merlin_slave_agent "DEBUG_avalon_jtag_slave_agent"
Info: DEBUG_avalon_jtag_slave_agent_rsp_fifo: "mm_interconnect_0" instantiated altera_avalon_sc_fifo "DEBUG_avalon_jtag_slave_agent_rsp_fifo"
Info: router: "mm_interconnect_0" instantiated altera_merlin_router "router"
Info: router_002: "mm_interconnect_0" instantiated altera_merlin_router "router_002"
Info: router_004: "mm_interconnect_0" instantiated altera_merlin_router "router_004"
Info: router_005: "mm_interconnect_0" instantiated altera_merlin_router "router_005"
Info: Lab3_instruction_manager_wr_limiter: "mm_interconnect_0" instantiated altera_merlin_traffic_limiter "Lab3_instruction_manager_wr_limiter"
Info: Reusing file /home/cari/cst455_soc/Lab3/Lab3/synthesis/submodules/altera_avalon_sc_fifo.v
Info: Reusing file /home/cari/cst455_soc/Lab3/Lab3/synthesis/submodules/altera_avalon_st_pipeline_base.v
Info: cmd_demux: "mm_interconnect_0" instantiated altera_merlin_demultiplexer "cmd_demux"
Info: cmd_demux_002: "mm_interconnect_0" instantiated altera_merlin_demultiplexer "cmd_demux_002"
Info: cmd_mux: "mm_interconnect_0" instantiated altera_merlin_multiplexer "cmd_mux"
Info: cmd_mux_001: "mm_interconnect_0" instantiated altera_merlin_multiplexer "cmd_mux_001"
Info: Reusing file /home/cari/cst455_soc/Lab3/Lab3/synthesis/submodules/altera_merlin_arbitrator.sv
Info: rsp_demux: "mm_interconnect_0" instantiated altera_merlin_demultiplexer "rsp_demux"
Info: rsp_demux_001: "mm_interconnect_0" instantiated altera_merlin_demultiplexer "rsp_demux_001"
Info: rsp_mux: "mm_interconnect_0" instantiated altera_merlin_multiplexer "rsp_mux"
Info: Reusing file /home/cari/cst455_soc/Lab3/Lab3/synthesis/submodules/altera_merlin_arbitrator.sv
Info: rsp_mux_002: "mm_interconnect_0" instantiated altera_merlin_multiplexer "rsp_mux_002"
Info: Reusing file /home/cari/cst455_soc/Lab3/Lab3/synthesis/submodules/altera_merlin_arbitrator.sv
Info: avalon_st_adapter: "mm_interconnect_0" instantiated altera_avalon_st_adapter "avalon_st_adapter"
Info: error_adapter_0: "avalon_st_adapter" instantiated error_adapter "error_adapter_0"
Info: Lab3: Done "Lab3" with 32 modules, 90 files
Info: qsys-generate succeeded.
Info: Finished: Create HDL design files for synthesis
