Flow report for HPS_HelloPIO
Thu Dec  5 21:48:03 2024
Quartus Prime Version 23.1std.0 Build 991 11/28/2023 SC Standard Edition


---------------------
; Table of Contents ;
---------------------
  1. Legal Notice
  2. Flow Summary
  3. Flow Settings
  4. Flow Non-Default Global Settings
  5. Flow Elapsed Time
  6. Flow OS Summary
  7. Flow Log
  8. Flow Messages
  9. Flow Suppressed Messages



----------------
; Legal Notice ;
----------------
Copyright (C) 2023  Intel Corporation. All rights reserved.
Your use of Intel Corporation's design tools, logic functions 
and other software and tools, and any partner logic 
functions, and any output files from any of the foregoing 
(including device programming or simulation files), and any 
associated documentation or information are expressly subject 
to the terms and conditions of the Intel Program License 
Subscription Agreement, the Intel Quartus Prime License Agreement,
the Intel FPGA IP License Agreement, or other applicable license
agreement, including, without limitation, that your use is for
the sole purpose of programming logic devices manufactured by
Intel and sold by Intel or its authorized distributors.  Please
refer to the applicable agreement for further details, at
https://fpgasoftware.intel.com/eula.



+--------------------------------------------------------------------------------------+
; Flow Summary                                                                         ;
+---------------------------------+----------------------------------------------------+
; Flow Status                     ; Successful - Thu Dec  5 21:47:59 2024              ;
; Quartus Prime Version           ; 23.1std.0 Build 991 11/28/2023 SC Standard Edition ;
; Revision Name                   ; HPS_HelloPIO                                       ;
; Top-level Entity Name           ; HPS_HelloPIO                                       ;
; Family                          ; Cyclone V                                          ;
; Device                          ; 5CSXFC6D6F31C6                                     ;
; Timing Models                   ; Final                                              ;
; Logic utilization (in ALMs)     ; 1 / 41,910 ( < 1 % )                               ;
; Total registers                 ; 0                                                  ;
; Total pins                      ; 14 / 499 ( 3 % )                                   ;
; Total virtual pins              ; 0                                                  ;
; Total block memory bits         ; 0 / 5,662,720 ( 0 % )                              ;
; Total DSP Blocks                ; 0 / 112 ( 0 % )                                    ;
; Total HSSI RX PCSs              ; 0 / 9 ( 0 % )                                      ;
; Total HSSI PMA RX Deserializers ; 0 / 9 ( 0 % )                                      ;
; Total HSSI TX PCSs              ; 0 / 9 ( 0 % )                                      ;
; Total HSSI PMA TX Serializers   ; 0 / 9 ( 0 % )                                      ;
; Total PLLs                      ; 0 / 15 ( 0 % )                                     ;
; Total DLLs                      ; 0 / 4 ( 0 % )                                      ;
+---------------------------------+----------------------------------------------------+


+-----------------------------------------+
; Flow Settings                           ;
+-------------------+---------------------+
; Option            ; Setting             ;
+-------------------+---------------------+
; Start date & time ; 12/05/2024 21:47:17 ;
; Main task         ; Compilation         ;
; Revision Name     ; HPS_HelloPIO        ;
+-------------------+---------------------+


+-------------------------------------------------------------------------------------------------------------------------+
; Flow Non-Default Global Settings                                                                                        ;
+-------------------------------------+----------------------------------------+---------------+-------------+------------+
; Assignment Name                     ; Value                                  ; Default Value ; Entity Name ; Section Id ;
+-------------------------------------+----------------------------------------+---------------+-------------+------------+
; COMPILER_SIGNATURE_ID               ; 128472116396194.173346403749916        ; --            ; --          ; --         ;
; PARTITION_COLOR                     ; -- (Not supported for targeted family) ; --            ; --          ; Top        ;
; PARTITION_FITTER_PRESERVATION_LEVEL ; -- (Not supported for targeted family) ; --            ; --          ; Top        ;
; PARTITION_NETLIST_TYPE              ; -- (Not supported for targeted family) ; --            ; --          ; Top        ;
+-------------------------------------+----------------------------------------+---------------+-------------+------------+


+--------------------------------------------------------------------------------------------------------------------------+
; Flow Elapsed Time                                                                                                        ;
+----------------------+--------------+-------------------------+---------------------+------------------------------------+
; Module Name          ; Elapsed Time ; Average Processors Used ; Peak Virtual Memory ; Total CPU Time (on all processors) ;
+----------------------+--------------+-------------------------+---------------------+------------------------------------+
; Analysis & Synthesis ; 00:00:07     ; 1.0                     ; 409 MB              ; 00:00:20                           ;
; Fitter               ; 00:00:27     ; 1.0                     ; 1766 MB             ; 00:00:49                           ;
; Assembler            ; 00:00:05     ; 1.0                     ; 516 MB              ; 00:00:05                           ;
; Timing Analyzer      ; 00:00:03     ; 1.0                     ; 813 MB              ; 00:00:03                           ;
; Total                ; 00:00:42     ; --                      ; --                  ; 00:01:17                           ;
+----------------------+--------------+-------------------------+---------------------+------------------------------------+


+------------------------------------------------------------------------------------+
; Flow OS Summary                                                                    ;
+----------------------+------------------+------------+------------+----------------+
; Module Name          ; Machine Hostname ; OS Name    ; OS Version ; Processor type ;
+----------------------+------------------+------------+------------+----------------+
; Analysis & Synthesis ; Thinky           ; Linux Mint ; 21         ; x86_64         ;
; Fitter               ; Thinky           ; Linux Mint ; 21         ; x86_64         ;
; Assembler            ; Thinky           ; Linux Mint ; 21         ; x86_64         ;
; Timing Analyzer      ; Thinky           ; Linux Mint ; 21         ; x86_64         ;
+----------------------+------------------+------------+------------+----------------+


------------
; Flow Log ;
------------
quartus_map --read_settings_files=on --write_settings_files=off HPS_HelloPIO -c HPS_HelloPIO
quartus_fit --read_settings_files=off --write_settings_files=off HPS_HelloPIO -c HPS_HelloPIO
quartus_asm --read_settings_files=off --write_settings_files=off HPS_HelloPIO -c HPS_HelloPIO
quartus_sta HPS_HelloPIO -c HPS_HelloPIO



