Info: Start Nativelink Simulation process
Info: NativeLink has detected VHDL design -- VHDL simulation models will be used

========= EDA Simulation Settings =====================

Sim Mode              :  RTL
Family                :  cyclonev
Quartus root          :  /opt/IntelFPGA/quartus/linux64/
Quartus sim root      :  /opt/IntelFPGA/quartus/eda/sim_lib
Simulation Tool       :  questa intel fpga
Simulation Language   :  vhdl
Version               :  93
Simulation Mode       :  GUI
Sim Output File       :  
Sim SDF file          :  
Sim dir               :  simulation/questa

=======================================================

Info: Starting NativeLink simulation with Questa Intel FPGA software
Sourced NativeLink script /opt/IntelFPGA/quartus/common/tcl/internal/nativelink/modelsim.tcl
Warning: File Lab2_run_msim_rtl_vhdl.do already exists - backing up current file as Lab2_run_msim_rtl_vhdl.do.bak11
Info: Spawning Questa Intel FPGA Simulation software 
Info: NativeLink simulation flow was successful
