Info: Starting: Create block symbol file (.bsf)
Info: qsys-generate /home/cari/cst455_soc/Lab4/Lab4.qsys --block-symbol-file --output-directory=/home/cari/cst455_soc/Lab4/Lab4 --family="Cyclone V" --part=5CSXFC6D6F31C6
Progress: Loading Lab4/Lab4.qsys
Progress: Reading input file
Progress: Adding BUTTONS [altera_avalon_pio 23.1]
Progress: Parameterizing module BUTTONS
Progress: Adding CLOCKS [altera_up_avalon_sys_sdram_pll 18.0]
Progress: Parameterizing module CLOCKS
Progress: Adding DEBUG [altera_avalon_jtag_uart 23.1]
Progress: Parameterizing module DEBUG
Progress: Adding LEDs [altera_avalon_pio 23.1]
Progress: Parameterizing module LEDs
Progress: Adding NIOSV_FreeRTOS [intel_niosv_m 2.0.0]
Progress: Parameterizing module NIOSV_FreeRTOS
Progress: Adding SDRAM [altera_avalon_new_sdram_controller 20.1]
Progress: Parameterizing module SDRAM
Progress: Adding clk_0 [clock_source 23.1]
Progress: Parameterizing module clk_0
Progress: Building connections
Progress: Parameterizing connections
Progress: Validating
Progress: Done reading input file
Info: Lab4.BUTTONS: PIO inputs are not hardwired in test bench. Undefined values will be read from PIO inputs during simulation.
Info: Lab4.CLOCKS: Refclk Freq: 50.0
Info: Lab4.DEBUG: JTAG UART IP input clock need to be at least double (2x) the operating frequency of JTAG TCK on board
Warning: Lab4.NIOSV_FreeRTOS: Properties (associatedClock) have been set on interface reset - in composed mode these are ignored
Warning: Lab4.NIOSV_FreeRTOS: Properties (associatedClock) have been set on interface ndm_reset_in - in composed mode these are ignored
Warning: Lab4.NIOSV_FreeRTOS: Properties (associatedClock,associatedReset) have been set on interface instruction_manager - in composed mode these are ignored
Warning: Lab4.NIOSV_FreeRTOS: Properties (associatedClock,associatedReset) have been set on interface data_manager - in composed mode these are ignored
Info: Lab4.SDRAM: SDRAM Controller will only be supported in Quartus Prime Standard Edition in the future release.
Info: qsys-generate succeeded.
Info: Finished: Create block symbol file (.bsf)
Info: 
Info: Starting: Create HDL design files for synthesis
Info: qsys-generate /home/cari/cst455_soc/Lab4/Lab4.qsys --synthesis=VERILOG --output-directory=/home/cari/cst455_soc/Lab4/Lab4/synthesis --family="Cyclone V" --part=5CSXFC6D6F31C6
Progress: Loading Lab4/Lab4.qsys
Progress: Reading input file
Progress: Adding BUTTONS [altera_avalon_pio 23.1]
Progress: Parameterizing module BUTTONS
Progress: Adding CLOCKS [altera_up_avalon_sys_sdram_pll 18.0]
Progress: Parameterizing module CLOCKS
Progress: Adding DEBUG [altera_avalon_jtag_uart 23.1]
Progress: Parameterizing module DEBUG
Progress: Adding LEDs [altera_avalon_pio 23.1]
Progress: Parameterizing module LEDs
Progress: Adding NIOSV_FreeRTOS [intel_niosv_m 2.0.0]
Progress: Parameterizing module NIOSV_FreeRTOS
Progress: Adding SDRAM [altera_avalon_new_sdram_controller 20.1]
Progress: Parameterizing module SDRAM
Progress: Adding clk_0 [clock_source 23.1]
Progress: Parameterizing module clk_0
Progress: Building connections
Progress: Parameterizing connections
Progress: Validating
Progress: Done reading input file
Info: Lab4.BUTTONS: PIO inputs are not hardwired in test bench. Undefined values will be read from PIO inputs during simulation.
Info: Lab4.CLOCKS: Refclk Freq: 50.0
Info: Lab4.DEBUG: JTAG UART IP input clock need to be at least double (2x) the operating frequency of JTAG TCK on board
Warning: Lab4.NIOSV_FreeRTOS: Properties (associatedClock) have been set on interface reset - in composed mode these are ignored
Warning: Lab4.NIOSV_FreeRTOS: Properties (associatedClock) have been set on interface ndm_reset_in - in composed mode these are ignored
Warning: Lab4.NIOSV_FreeRTOS: Properties (associatedClock,associatedReset) have been set on interface instruction_manager - in composed mode these are ignored
Warning: Lab4.NIOSV_FreeRTOS: Properties (associatedClock,associatedReset) have been set on interface data_manager - in composed mode these are ignored
Info: Lab4.SDRAM: SDRAM Controller will only be supported in Quartus Prime Standard Edition in the future release.
Info: Lab4: Generating Lab4 "Lab4" for QUARTUS_SYNTH
Info: BUTTONS: Starting RTL generation for module 'Lab4_BUTTONS'
Info: BUTTONS:   Generation command is [exec /opt/IntelFPGA/quartus/linux64/perl/bin/perl -I /opt/IntelFPGA/quartus/linux64/perl/lib -I /opt/IntelFPGA/quartus/sopc_builder/bin/europa -I /opt/IntelFPGA/quartus/sopc_builder/bin -I /opt/IntelFPGA/quartus/../ip/altera/sopc_builder_ip/common -I /opt/IntelFPGA/quartus/../ip/altera/sopc_builder_ip/altera_avalon_pio -- /opt/IntelFPGA/quartus/../ip/altera/sopc_builder_ip/altera_avalon_pio/generate_rtl.pl --name=Lab4_BUTTONS --dir=/tmp/alt0054_5548803960185565448.dir/0002_BUTTONS_gen/ --quartus_dir=/opt/IntelFPGA/quartus --verilog --config=/tmp/alt0054_5548803960185565448.dir/0002_BUTTONS_gen//Lab4_BUTTONS_component_configuration.pl  --do_build_sim=0  ]
Info: BUTTONS: Done RTL generation for module 'Lab4_BUTTONS'
Info: BUTTONS: "Lab4" instantiated altera_avalon_pio "BUTTONS"
Info: CLOCKS: "Lab4" instantiated altera_up_avalon_sys_sdram_pll "CLOCKS"
Info: DEBUG: Starting RTL generation for module 'Lab4_DEBUG'
Info: DEBUG:   Generation command is [exec /opt/IntelFPGA/quartus/linux64/perl/bin/perl -I /opt/IntelFPGA/quartus/linux64/perl/lib -I /opt/IntelFPGA/quartus/sopc_builder/bin/europa -I /opt/IntelFPGA/quartus/sopc_builder/bin -I /opt/IntelFPGA/quartus/../ip/altera/sopc_builder_ip/common -I /opt/IntelFPGA/quartus/../ip/altera/sopc_builder_ip/altera_avalon_jtag_uart -- /opt/IntelFPGA/quartus/../ip/altera/sopc_builder_ip/altera_avalon_jtag_uart/generate_rtl.pl --name=Lab4_DEBUG --dir=/tmp/alt0054_5548803960185565448.dir/0003_DEBUG_gen/ --quartus_dir=/opt/IntelFPGA/quartus --verilog --config=/tmp/alt0054_5548803960185565448.dir/0003_DEBUG_gen//Lab4_DEBUG_component_configuration.pl  --do_build_sim=0  ]
Info: DEBUG: Done RTL generation for module 'Lab4_DEBUG'
Info: DEBUG: "Lab4" instantiated altera_avalon_jtag_uart "DEBUG"
Info: LEDs: Starting RTL generation for module 'Lab4_LEDs'
Info: LEDs:   Generation command is [exec /opt/IntelFPGA/quartus/linux64/perl/bin/perl -I /opt/IntelFPGA/quartus/linux64/perl/lib -I /opt/IntelFPGA/quartus/sopc_builder/bin/europa -I /opt/IntelFPGA/quartus/sopc_builder/bin -I /opt/IntelFPGA/quartus/../ip/altera/sopc_builder_ip/common -I /opt/IntelFPGA/quartus/../ip/altera/sopc_builder_ip/altera_avalon_pio -- /opt/IntelFPGA/quartus/../ip/altera/sopc_builder_ip/altera_avalon_pio/generate_rtl.pl --name=Lab4_LEDs --dir=/tmp/alt0054_5548803960185565448.dir/0004_LEDs_gen/ --quartus_dir=/opt/IntelFPGA/quartus --verilog --config=/tmp/alt0054_5548803960185565448.dir/0004_LEDs_gen//Lab4_LEDs_component_configuration.pl  --do_build_sim=0  ]
Info: LEDs: Done RTL generation for module 'Lab4_LEDs'
Info: LEDs: "Lab4" instantiated altera_avalon_pio "LEDs"
Info: NIOSV_FreeRTOS: "Lab4" instantiated intel_niosv_m "NIOSV_FreeRTOS"
Info: SDRAM: Starting RTL generation for module 'Lab4_SDRAM'
Info: SDRAM:   Generation command is [exec /opt/IntelFPGA/quartus/linux64/perl/bin/perl -I /opt/IntelFPGA/quartus/linux64/perl/lib -I /opt/IntelFPGA/quartus/sopc_builder/bin/europa -I /opt/IntelFPGA/quartus/sopc_builder/bin -I /opt/IntelFPGA/quartus/../ip/altera/sopc_builder_ip/common -I /home/cari/intelFPGA/OregonTech/Intel(Depricated)/altera_avalon_new_sdram_controller -- /home/cari/intelFPGA/OregonTech/Intel(Depricated)/altera_avalon_new_sdram_controller/generate_rtl.pl --name=Lab4_SDRAM --dir=/tmp/alt0054_5548803960185565448.dir/0005_SDRAM_gen/ --quartus_dir=/opt/IntelFPGA/quartus --verilog --config=/tmp/alt0054_5548803960185565448.dir/0005_SDRAM_gen//Lab4_SDRAM_component_configuration.pl  --do_build_sim=0  ]
Info: SDRAM: Done RTL generation for module 'Lab4_SDRAM'
Info: SDRAM: "Lab4" instantiated altera_avalon_new_sdram_controller "SDRAM"
Info: avalon_st_adapter: Inserting error_adapter: error_adapter_0
Info: avalon_st_adapter_001: Inserting error_adapter: error_adapter_0
Info: avalon_st_adapter_002: Inserting error_adapter: error_adapter_0
Info: avalon_st_adapter_003: Inserting error_adapter: error_adapter_0
Info: avalon_st_adapter_004: Inserting error_adapter: error_adapter_0
Info: avalon_st_adapter_005: Inserting error_adapter: error_adapter_0
Info: mm_interconnect_0: "Lab4" instantiated altera_mm_interconnect "mm_interconnect_0"
Info: irq_mapper: "Lab4" instantiated altera_irq_mapper "irq_mapper"
Info: rst_controller: "Lab4" instantiated altera_reset_controller "rst_controller"
Info: sys_pll: "CLOCKS" instantiated altera_pll "sys_pll"
Info: reset_from_locked: "CLOCKS" instantiated altera_up_avalon_reset_from_locked_signal "reset_from_locked"
Info: hart: "NIOSV_FreeRTOS" instantiated intel_niosv_m_unit "hart"
Info: Reusing file /home/cari/cst455_soc/Lab4/Lab4/synthesis/submodules/altera_reset_synchronizer.v
Info: Reusing file /home/cari/cst455_soc/Lab4/Lab4/synthesis/submodules/altera_reset_controller.v
Info: Reusing file /home/cari/cst455_soc/Lab4/Lab4/synthesis/submodules/altera_reset_controller.sdc
Info: timer_module: "NIOSV_FreeRTOS" instantiated intel_niosv_timer_msip "timer_module"
Info: dbg_mod: "NIOSV_FreeRTOS" instantiated intel_niosv_dbg_mod "dbg_mod"
Info: Reusing file /home/cari/cst455_soc/Lab4/Lab4/synthesis/submodules/niosv_ram.sv
Info: irq_mapper: "NIOSV_FreeRTOS" instantiated altera_irq_mapper "irq_mapper"
Info: DEBUG_avalon_jtag_slave_translator: "mm_interconnect_0" instantiated altera_merlin_slave_translator "DEBUG_avalon_jtag_slave_translator"
Info: NIOSV_FreeRTOS_data_manager_agent: "mm_interconnect_0" instantiated altera_merlin_axi_master_ni "NIOSV_FreeRTOS_data_manager_agent"
Info: DEBUG_avalon_jtag_slave_agent: "mm_interconnect_0" instantiated altera_merlin_slave_agent "DEBUG_avalon_jtag_slave_agent"
Info: DEBUG_avalon_jtag_slave_agent_rsp_fifo: "mm_interconnect_0" instantiated altera_avalon_sc_fifo "DEBUG_avalon_jtag_slave_agent_rsp_fifo"
Info: router: "mm_interconnect_0" instantiated altera_merlin_router "router"
Info: router_002: "mm_interconnect_0" instantiated altera_merlin_router "router_002"
Info: router_004: "mm_interconnect_0" instantiated altera_merlin_router "router_004"
Info: router_005: "mm_interconnect_0" instantiated altera_merlin_router "router_005"
Info: router_006: "mm_interconnect_0" instantiated altera_merlin_router "router_006"
Info: NIOSV_FreeRTOS_instruction_manager_wr_limiter: "mm_interconnect_0" instantiated altera_merlin_traffic_limiter "NIOSV_FreeRTOS_instruction_manager_wr_limiter"
Info: Reusing file /home/cari/cst455_soc/Lab4/Lab4/synthesis/submodules/altera_avalon_sc_fifo.v
Info: Reusing file /home/cari/cst455_soc/Lab4/Lab4/synthesis/submodules/altera_avalon_st_pipeline_base.v
Info: SDRAM_s1_burst_adapter: "mm_interconnect_0" instantiated altera_merlin_burst_adapter "SDRAM_s1_burst_adapter"
Info: Reusing file /home/cari/cst455_soc/Lab4/Lab4/synthesis/submodules/altera_merlin_address_alignment.sv
Info: Reusing file /home/cari/cst455_soc/Lab4/Lab4/synthesis/submodules/altera_avalon_st_pipeline_stage.sv
Info: Reusing file /home/cari/cst455_soc/Lab4/Lab4/synthesis/submodules/altera_avalon_st_pipeline_base.v
Info: cmd_demux: "mm_interconnect_0" instantiated altera_merlin_demultiplexer "cmd_demux"
Info: cmd_demux_002: "mm_interconnect_0" instantiated altera_merlin_demultiplexer "cmd_demux_002"
Info: cmd_mux: "mm_interconnect_0" instantiated altera_merlin_multiplexer "cmd_mux"
Info: cmd_mux_001: "mm_interconnect_0" instantiated altera_merlin_multiplexer "cmd_mux_001"
Info: Reusing file /home/cari/cst455_soc/Lab4/Lab4/synthesis/submodules/altera_merlin_arbitrator.sv
Info: rsp_demux: "mm_interconnect_0" instantiated altera_merlin_demultiplexer "rsp_demux"
Info: rsp_demux_001: "mm_interconnect_0" instantiated altera_merlin_demultiplexer "rsp_demux_001"
Info: rsp_mux: "mm_interconnect_0" instantiated altera_merlin_multiplexer "rsp_mux"
Info: Reusing file /home/cari/cst455_soc/Lab4/Lab4/synthesis/submodules/altera_merlin_arbitrator.sv
Info: rsp_mux_002: "mm_interconnect_0" instantiated altera_merlin_multiplexer "rsp_mux_002"
Info: Reusing file /home/cari/cst455_soc/Lab4/Lab4/synthesis/submodules/altera_merlin_arbitrator.sv
Info: SDRAM_s1_rsp_width_adapter: "mm_interconnect_0" instantiated altera_merlin_width_adapter "SDRAM_s1_rsp_width_adapter"
Info: Reusing file /home/cari/cst455_soc/Lab4/Lab4/synthesis/submodules/altera_merlin_address_alignment.sv
Info: Reusing file /home/cari/cst455_soc/Lab4/Lab4/synthesis/submodules/altera_merlin_burst_uncompressor.sv
Info: avalon_st_adapter: "mm_interconnect_0" instantiated altera_avalon_st_adapter "avalon_st_adapter"
Info: avalon_st_adapter_002: "mm_interconnect_0" instantiated altera_avalon_st_adapter "avalon_st_adapter_002"
Info: error_adapter_0: "avalon_st_adapter" instantiated error_adapter "error_adapter_0"
Info: error_adapter_0: "avalon_st_adapter_002" instantiated error_adapter "error_adapter_0"
Info: Lab4: Done "Lab4" with 40 modules, 104 files
Info: qsys-generate succeeded.
Info: Finished: Create HDL design files for synthesis
